
→ duall-salt (3 angles)
  [1] source: https://static.tildacdn.com/stor3033-6463-4164-b135-646664633332/97183322.jpg
  cloudinary error for tyag/duall-salt, falling back to source: Invalid cloud_name dk5efhmmy
  [1] hosted: https://static.tildacdn.com/stor3033-6463-4164-b135-646664633332/97183322.jpg
  [2] source: https://static.tildacdn.com/stor3033-6463-4164-b135-646664633332/97183322.jpg
  cloudinary error for tyag/duall-salt_2, falling back to source: Invalid cloud_name dk5efhmmy
  [2] hosted: https://static.tildacdn.com/stor3033-6463-4164-b135-646664633332/97183322.jpg
  [3] source: https://static.tildacdn.com/stor3033-6463-4164-b135-646664633332/97183322.jpg
  cloudinary error for tyag/duall-salt_3, falling back to source: Invalid cloud_name dk5efhmmy
  [3] hosted: https://static.tildacdn.com/stor3033-6463-4164-b135-646664633332/97183322.jpg

→ waka-8000 (3 angles)
  [1] source: http://bayvape.ca/cdn/shop/files/waka-sopro-dm8000i-strawberry-watermelon_800x.jpg?v=1699503246
  cloudinary error for tyag/waka-8000, falling back to source: Invalid cloud_name dk5efhmmy
  [1] hosted: http://bayvape.ca/cdn/shop/files/waka-sopro-dm8000i-strawberry-watermelon_800x.jpg?v=1699503246
  [2] source: https://hoovape.com/wp-content/uploads/2025/09/wakasmash-1.jpg
  cloudinary error for tyag/waka-8000_2, falling back to source: Invalid cloud_name dk5efhmmy
  [2] hosted: https://hoovape.com/wp-content/uploads/2025/09/wakasmash-1.jpg
  [3] source: http://24x7vapes.ca/cdn/shop/files/blueberry_splash_1.webp?v=1705521161
  cloudinary error for tyag/waka-8000_3, falling back to source: Invalid cloud_name dk5efhmmy
  [3] hosted: http://24x7vapes.ca/cdn/shop/files/blueberry_splash_1.webp?v=1705521161

→ waka-20000 (3 angles)
  [1] source: http://www.wakavaping.com/cdn/shop/products/WatermelonChillCopy_9c84768e-3d03-4fc3-9fb9-8c1b1866ddb0...
  cloudinary error for tyag/waka-20000, falling back to source: Invalid cloud_name dk5efhmmy
  [1] hosted: http://www.wakavaping.com/cdn/shop/products/WatermelonChillCopy_9c84768e-3d03-4fc3-9fb9-8c1b1866ddb0.jpg?v=1677556508
  [2] source: https://rpodsdubai.ae/wp-content/uploads/2024/11/Waka-SoPro-20000-Puffs-Disposable-Vape.webp
  cloudinary error for tyag/waka-20000_2, falling back to source: Invalid cloud_name dk5efhmmy
  [2] hosted: https://rpodsdubai.ae/wp-content/uploads/2024/11/Waka-SoPro-20000-Puffs-Disposable-Vape.webp
  [3] source: https://vapesultan.com/wp-content/uploads/2025/02/Waka-SoPro-20000.jpg
  cloudinary error for tyag/waka-20000_3, falling back to source: Invalid cloud_name dk5efhmmy
  [3] hosted: https://vapesultan.com/wp-content/uploads/2025/02/Waka-SoPro-20000.jpg

→ waka-25000 (3 angles)
  [1] source: https://vapearomauae.com/wp-content/uploads/2025/02/waka-pa25000-puffs-all-flavors.webp
  cloudinary error for tyag/waka-25000, falling back to source: Invalid cloud_name dk5efhmmy
  [1] hosted: https://vapearomauae.com/wp-content/uploads/2025/02/waka-pa25000-puffs-all-flavors.webp
  [2] source: https://vapearomauae.com/wp-content/uploads/2025/02/waka-pa25000-puffs-all-flavors.webp
  cloudinary error for tyag/waka-25000_2, falling back to source: Invalid cloud_name dk5efhmmy
  [2] hosted: https://vapearomauae.com/wp-content/uploads/2025/02/waka-pa25000-puffs-all-flavors.webp
  [3] source: https://vapearomauae.com/wp-content/uploads/2025/02/waka-pa25000-puffs-all-flavors.webp
  cloudinary error for tyag/waka-25000_3, falling back to source: Invalid cloud_name dk5efhmmy
  [3] hosted: https://vapearomauae.com/wp-content/uploads/2025/02/waka-pa25000-puffs-all-flavors.webp

→ waka-60000 (3 angles)
  [1] source: https://www.bestvapes.ca/cdn/shop/products/relx-waka-6000-kit-pods-vape-blueberry-raspberry_1200x120...
  cloudinary error for tyag/waka-60000, falling back to source: Invalid cloud_name dk5efhmmy
  [1] hosted: https://www.bestvapes.ca/cdn/shop/products/relx-waka-6000-kit-pods-vape-blueberry-raspberry_1200x1200.png?v=1692110377
  [2] source: https://www.bestvapes.ca/cdn/shop/products/relx-waka-6000-kit-pods-vape-blueberry-raspberry_1200x120...
  cloudinary error for tyag/waka-60000_2, falling back to source: Invalid cloud_name dk5efhmmy
  [2] hosted: https://www.bestvapes.ca/cdn/shop/products/relx-waka-6000-kit-pods-vape-blueberry-raspberry_1200x1200.png?v=1692110377
  [3] source: http://relxdisposable.com/cdn/shop/files/123123345.png?height=628&pad_color=ffffff&v=1723516560&widt...
  cloudinary error for tyag/waka-60000_3, falling back to source: Invalid cloud_name dk5efhmmy
  [3] hosted: http://relxdisposable.com/cdn/shop/files/123123345.png?height=628&pad_color=ffffff&v=1723516560&width=1200

→ fizzy-great-10000 (1 angles)
  [1] source: http://img.staticdj.com/e9bbf41af2caed20549e73fdc6a18c1e.jpeg
  cloudinary error for tyag/fizzy-great-10000, falling back to source: Invalid cloud_name dk5efhmmy
  [1] hosted: http://img.staticdj.com/e9bbf41af2caed20549e73fdc6a18c1e.jpeg

→ elfbar-monnight-25000 (3 angles)
  [1] source: http://shopelfbar.ca/cdn/shop/files/moonlight3pk.png?v=1755847149
  cloudinary error for tyag/elfbar-monnight-25000, falling back to source: Invalid cloud_name dk5efhmmy
  [1] hosted: http://shopelfbar.ca/cdn/shop/files/moonlight3pk.png?v=1755847149
  [2] source: http://shopelfbar.ca/cdn/shop/files/moonlight3pk.png?v=1755847149
  cloudinary error for tyag/elfbar-monnight-25000_2, falling back to source: Invalid cloud_name dk5efhmmy
  [2] hosted: http://shopelfbar.ca/cdn/shop/files/moonlight3pk.png?v=1755847149
  [3] source: https://www.allbarvape.com/uploads/37317/news/n202506031732355e022.jpg
  cloudinary error for tyag/elfbar-monnight-25000_3, falling back to source: Invalid cloud_name dk5efhmmy
  [3] hosted: https://www.allbarvape.com/uploads/37317/news/n202506031732355e022.jpg

→ geekbar-32000 (1 angles)
  [1] source: https://image.vapesourcing.com/images/202605/geekbar-slimor-32k-0.jpg
  cloudinary error for tyag/geekbar-32000, falling back to source: Invalid cloud_name dk5efhmmy
  [1] hosted: https://image.vapesourcing.com/images/202605/geekbar-slimor-32k-0.jpg

→ geekbar-40000 (1 angles)
  [1] source: http://vapordna.com/cdn/shop/files/GeekBarUSA40KGallery_23dd13f7-a91c-4f2a-9cdb-7619dad4fbdd.png?v=1...
  cloudinary error for tyag/geekbar-40000, falling back to source: Invalid cloud_name dk5efhmmy
  [1] hosted: http://vapordna.com/cdn/shop/files/GeekBarUSA40KGallery_23dd13f7-a91c-4f2a-9cdb-7619dad4fbdd.png?v=1766451542

→ geekbar-50000 (3 angles)
  [1] source: http://www.vapeshack.com/cdn/shop/files/GBCLRMain.jpg?v=1772907874
  cloudinary error for tyag/geekbar-50000, falling back to source: Invalid cloud_name dk5efhmmy
  [1] hosted: http://www.vapeshack.com/cdn/shop/files/GBCLRMain.jpg?v=1772907874
  [2] source: https://www.ukvapepen.com/wp-content/uploads/2026/01/20260124_101860.webp
  cloudinary error for tyag/geekbar-50000_2, falling back to source: Invalid cloud_name dk5efhmmy
  [2] hosted: https://www.ukvapepen.com/wp-content/uploads/2026/01/20260124_101860.webp
  [3] source: https://www.ukvapepen.com/wp-content/uploads/2026/01/20260124_101860.webp
  cloudinary error for tyag/geekbar-50000_3, falling back to source: Invalid cloud_name dk5efhmmy
  [3] hosted: https://www.ukvapepen.com/wp-content/uploads/2026/01/20260124_101860.webp

→ vozol-shisha-25000 (1 angles)
  [1] source: https://a1.vaping360.com/vozol_gear_shisha_25000_885f3d0c8c.png?auto=compress,format&w=700&h=auto&fi...
  cloudinary error for tyag/vozol-shisha-25000, falling back to source: Invalid cloud_name dk5efhmmy
  [1] hosted: https://a1.vaping360.com/vozol_gear_shisha_25000_885f3d0c8c.png?auto=compress,format&w=700&h=auto&fit=clamp&sat=0&crop=edges

→ bubble-mon-30000 (3 angles)
  [1] source: https://vapepu.com/wp-content/uploads/2026/01/Bubblemon-Graffiti-C-炫彩泡泡兽三代-30000-Puffs-2.jpg
  cloudinary error for tyag/bubble-mon-30000, falling back to source: Invalid cloud_name dk5efhmmy
  [1] hosted: https://vapepu.com/wp-content/uploads/2026/01/Bubblemon-Graffiti-C-炫彩泡泡兽三代-30000-Puffs-2.jpg
  [2] source: http://vapelabuae.com/cdn/shop/files/1500-3.png?v=1758983922
  cloudinary error for tyag/bubble-mon-30000_2, falling back to source: Invalid cloud_name dk5efhmmy
  [2] hosted: http://vapelabuae.com/cdn/shop/files/1500-3.png?v=1758983922
  [3] source: http://vaping180.com/cdn/shop/files/bubblemon-35k-1.jpg?v=1764809837
  cloudinary error for tyag/bubble-mon-30000_3, falling back to source: Invalid cloud_name dk5efhmmy
  [3] hosted: http://vaping180.com/cdn/shop/files/bubblemon-35k-1.jpg?v=1764809837

→ puffmi-pure-12000 (1 angles)
  [1] source: https://www.igeekphone.com/wp-content/uploads/2024/03/20240306170920.png
  cloudinary error for tyag/puffmi-pure-12000, falling back to source: Invalid cloud_name dk5efhmmy
  [1] hosted: https://www.igeekphone.com/wp-content/uploads/2024/03/20240306170920.png

→ laiska-queen-10000 (1 angles)
  [1] source: https://papa-vape-opt.com/pictures/product/middle/14568_middle.png
  cloudinary error for tyag/laiska-queen-10000, falling back to source: Invalid cloud_name dk5efhmmy
  [1] hosted: https://papa-vape-opt.com/pictures/product/middle/14568_middle.png

→ vaporesso-xros-mini (1 angles)
  [1] source: http://store.vaporesso.com/cdn/shop/files/XROSMINI_SakuraPink_2.png?v=1755742961
  cloudinary error for tyag/vaporesso-xros-mini, falling back to source: Invalid cloud_name dk5efhmmy
  [1] hosted: http://store.vaporesso.com/cdn/shop/files/XROSMINI_SakuraPink_2.png?v=1755742961

→ vaporesso-xros-3-mini (1 angles)
  [1] source: http://store.vaporesso.com/cdn/shop/files/XROS3_LemonYellow_2.png?v=1763950530
  cloudinary error for tyag/vaporesso-xros-3-mini, falling back to source: Invalid cloud_name dk5efhmmy
  [1] hosted: http://store.vaporesso.com/cdn/shop/files/XROS3_LemonYellow_2.png?v=1763950530

→ vaporesso-xros-4 (3 angles)
  [1] source: https://whitevapenew1-20b04.kxcdn.com/wp-content/uploads/2024/05/2033-Vaporesso-XROS-4-Pod-Kit-Cover...
  cloudinary error for tyag/vaporesso-xros-4, falling back to source: Invalid cloud_name dk5efhmmy
  [1] hosted: https://whitevapenew1-20b04.kxcdn.com/wp-content/uploads/2024/05/2033-Vaporesso-XROS-4-Pod-Kit-Cover.jpg
  [2] source: http://www.shopvapour.co.uk/cdn/shop/files/vaporesso-xros-4-pod-vape-kit-black.webp?v=1759323850
  cloudinary error for tyag/vaporesso-xros-4_2, falling back to source: Invalid cloud_name dk5efhmmy
  [2] hosted: http://www.shopvapour.co.uk/cdn/shop/files/vaporesso-xros-4-pod-vape-kit-black.webp?v=1759323850
  [3] source: http://ukvapesonline.co.uk/cdn/shop/collections/1_a6e3162e-8e8c-4401-810a-d24405fbf622.png?v=1750514...
  cloudinary error for tyag/vaporesso-xros-4_3, falling back to source: Invalid cloud_name dk5efhmmy
  [3] hosted: http://ukvapesonline.co.uk/cdn/shop/collections/1_a6e3162e-8e8c-4401-810a-d24405fbf622.png?v=1750514798

→ vaporesso-xros-4-mini (1 angles)
  [1] source: http://www.vapebrothers.co.uk/cdn/shop/files/XROS4MiniMain.png?v=1715262179
  cloudinary error for tyag/vaporesso-xros-4-mini, falling back to source: Invalid cloud_name dk5efhmmy
  [1] hosted: http://www.vapebrothers.co.uk/cdn/shop/files/XROS4MiniMain.png?v=1715262179

→ vaporesso-xros-5 (3 angles)
  [1] source: http://www.ukvapeworld.com/cdn/shop/files/opal_white_Vaporesso_Xros_5_Refillable_Pod_Vape_Kit.png?v=...
  cloudinary error for tyag/vaporesso-xros-5, falling back to source: Invalid cloud_name dk5efhmmy
  [1] hosted: http://www.ukvapeworld.com/cdn/shop/files/opal_white_Vaporesso_Xros_5_Refillable_Pod_Vape_Kit.png?v=1749641584
  [2] source: http://www.vaporauthority.com/cdn/shop/files/Vaporesso-Xros-5-Pod-Mod-Kit-Main.jpg?v=1764951065
  cloudinary error for tyag/vaporesso-xros-5_2, falling back to source: Invalid cloud_name dk5efhmmy
  [2] hosted: http://www.vaporauthority.com/cdn/shop/files/Vaporesso-Xros-5-Pod-Mod-Kit-Main.jpg?v=1764951065
  [3] source: http://www.vaporauthority.com/cdn/shop/files/Vaporesso-Xros-5-Pod-Mod-Kit-Main.jpg?v=1764951065
  cloudinary error for tyag/vaporesso-xros-5_3, falling back to source: Invalid cloud_name dk5efhmmy
  [3] hosted: http://www.vaporauthority.com/cdn/shop/files/Vaporesso-Xros-5-Pod-Mod-Kit-Main.jpg?v=1764951065

→ vaporesso-xros-5-mini (1 angles)
  [1] source: https://vapebus.com/wp-content/uploads/2026/05/Vaporesso-Xros-5-Mini-Vape-Kit-ZZ1.webp
  cloudinary error for tyag/vaporesso-xros-5-mini, falling back to source: Invalid cloud_name dk5efhmmy
  [1] hosted: https://vapebus.com/wp-content/uploads/2026/05/Vaporesso-Xros-5-Mini-Vape-Kit-ZZ1.webp

→ xros-cart-04-2 (1 angles)
  [1] source: http://store.vaporesso.com/cdn/shop/files/XROS_0.8_MESH_Pod-3ml_new.png?v=1761554021
  cloudinary error for tyag/xros-cart-04-2, falling back to source: Invalid cloud_name dk5efhmmy
  [1] hosted: http://store.vaporesso.com/cdn/shop/files/XROS_0.8_MESH_Pod-3ml_new.png?v=1761554021

→ xros-cart-04-3 (1 angles)
  [1] source: http://store.vaporesso.com/cdn/shop/files/XROS_0.8_MESH_Pod-3ml_new.png?v=1761554021
  cloudinary error for tyag/xros-cart-04-3, falling back to source: Invalid cloud_name dk5efhmmy
  [1] hosted: http://store.vaporesso.com/cdn/shop/files/XROS_0.8_MESH_Pod-3ml_new.png?v=1761554021

→ xros-cart-06-2 (1 angles)
  [1] source: http://store.vaporesso.com/cdn/shop/files/XROS_0.8_MESH_Pod-3ml_new.png?v=1761554021
  cloudinary error for tyag/xros-cart-06-2, falling back to source: Invalid cloud_name dk5efhmmy
  [1] hosted: http://store.vaporesso.com/cdn/shop/files/XROS_0.8_MESH_Pod-3ml_new.png?v=1761554021

→ xros-cart-06-3 (1 angles)
  [1] source: http://store.vaporesso.com/cdn/shop/files/XROS_0.8_MESH_Pod-3ml_new.png?v=1761554021
  cloudinary error for tyag/xros-cart-06-3, falling back to source: Invalid cloud_name dk5efhmmy
  [1] hosted: http://store.vaporesso.com/cdn/shop/files/XROS_0.8_MESH_Pod-3ml_new.png?v=1761554021

→ xros-cart-08-2 (1 angles)
  [1] source: http://store.vaporesso.com/cdn/shop/files/XROS_0.8_MESH_Pod-3ml_new.png?v=1761554021
  cloudinary error for tyag/xros-cart-08-2, falling back to source: Invalid cloud_name dk5efhmmy
  [1] hosted: http://store.vaporesso.com/cdn/shop/files/XROS_0.8_MESH_Pod-3ml_new.png?v=1761554021

→ xros-cart-08-3 (1 angles)
  [1] source: http://store.vaporesso.com/cdn/shop/files/XROS_0.8_MESH_Pod-3ml_new.png?v=1761554021
  cloudinary error for tyag/xros-cart-08-3, falling back to source: Invalid cloud_name dk5efhmmy
  [1] hosted: http://store.vaporesso.com/cdn/shop/files/XROS_0.8_MESH_Pod-3ml_new.png?v=1761554021

→ xros-cart-10-2 (1 angles)
  [1] source: http://store.vaporesso.com/cdn/shop/files/XROS_0.8_MESH_Pod-3ml_new.png?v=1761554021
  cloudinary error for tyag/xros-cart-10-2, falling back to source: Invalid cloud_name dk5efhmmy
  [1] hosted: http://store.vaporesso.com/cdn/shop/files/XROS_0.8_MESH_Pod-3ml_new.png?v=1761554021

→ geekvape-hero-1-rte (1 angles)
  [1] source: http://www.puffinvapeshop.com/cdn/shop/products/wenax.jpg?v=1649908392
  cloudinary error for tyag/geekvape-hero-1-rte, falling back to source: Invalid cloud_name dk5efhmmy
  [1] hosted: http://www.puffinvapeshop.com/cdn/shop/products/wenax.jpg?v=1649908392

→ geekvape-boost-le (1 angles)
  [1] source: https://cdn11.bigcommerce.com/s-5zbebjcuob/products/4730/images/11524/Geekvape-Aegis-Boost-LE-Kit-5-...
  cloudinary error for tyag/geekvape-boost-le, falling back to source: Invalid cloud_name dk5efhmmy
  [1] hosted: https://cdn11.bigcommerce.com/s-5zbebjcuob/products/4730/images/11524/Geekvape-Aegis-Boost-LE-Kit-5-Coil-Edition__43023.1696852732.386.513.png?c=2

→ geekvape-hero-3-classic (1 angles)
  [1] source: https://image.morevaping.com/images/202603/sakura-geekvape-h45-classic-kit.jpg
  cloudinary error for tyag/geekvape-hero-3-classic, falling back to source: Invalid cloud_name dk5efhmmy
  [1] hosted: https://image.morevaping.com/images/202603/sakura-geekvape-h45-classic-kit.jpg

→ geekvape-hero-2-crystal (1 angles)
  [1] source: https://vapeguysinc.com/media/catalog/product/cache/6517c62f5899ad6aa0ba23ceb3eeff97/g/e/geekvape_ae...
  cloudinary error for tyag/geekvape-hero-2-crystal, falling back to source: Invalid cloud_name dk5efhmmy
  [1] hosted: https://vapeguysinc.com/media/catalog/product/cache/6517c62f5899ad6aa0ba23ceb3eeff97/g/e/geekvape_aegis_hero_2_pod_kit_crystal_edition-2.jpg

→ geekvape-hero-2-new (3 angles)
  [1] source: https://cdn11.bigcommerce.com/s-4hr592w/products/15871/images/58479/k1__45131.1741990570.386.513.png...
  cloudinary error for tyag/geekvape-hero-2-new, falling back to source: Invalid cloud_name dk5efhmmy
  [1] hosted: https://cdn11.bigcommerce.com/s-4hr592w/products/15871/images/58479/k1__45131.1741990570.386.513.png?c=2
  [2] no image for "Geekvape Wenax Hero 2 side view"
  [3] source: https://www.geekvape.com/wp-content/uploads/2025/09/Wenax-M2.webp
  cloudinary error for tyag/geekvape-hero-2-new_3, falling back to source: Invalid cloud_name dk5efhmmy
  [3] hosted: https://www.geekvape.com/wp-content/uploads/2025/09/Wenax-M2.webp

→ geekvape-hero-2-rte (1 angles)
  [1] source: https://www.vapezood.com/wp-content/uploads/2025/08/20250809_81010.webp
  cloudinary error for tyag/geekvape-hero-2-rte, falling back to source: Invalid cloud_name dk5efhmmy
  [1] hosted: https://www.vapezood.com/wp-content/uploads/2025/08/20250809_81010.webp

→ geekvape-hero-5 (3 angles)
  [1] source: http://mipod.com/cdn/shop/files/Geek-Vape_Aegis-Hero-5_Blaze-Red_600x600_4b494c0e-7729-401b-a28c-c04...
  cloudinary error for tyag/geekvape-hero-5, falling back to source: Invalid cloud_name dk5efhmmy
  [1] hosted: http://mipod.com/cdn/shop/files/Geek-Vape_Aegis-Hero-5_Blaze-Red_600x600_4b494c0e-7729-401b-a28c-c04057f3e730.png?v=1766589682&width=2048
  [2] source: http://store.geekvape.com/cdn/shop/files/Geekvape_Aegis_Hero_5_Pod_Kit_2000mAh_Speed_Red.png?v=17773...
  cloudinary error for tyag/geekvape-hero-5_2, falling back to source: Invalid cloud_name dk5efhmmy
  [2] hosted: http://store.geekvape.com/cdn/shop/files/Geekvape_Aegis_Hero_5_Pod_Kit_2000mAh_Speed_Red.png?v=1777341540
  [3] source: http://store.geekvape.com/cdn/shop/files/BlazeRed_Geekvape_Aegis_Hero_5_Pod_Kit_2000mAh.png?v=175327...
  cloudinary error for tyag/geekvape-hero-5_3, falling back to source: Invalid cloud_name dk5efhmmy
  [3] hosted: http://store.geekvape.com/cdn/shop/files/BlazeRed_Geekvape_Aegis_Hero_5_Pod_Kit_2000mAh.png?v=1753270666

→ geekvape-boost-2 (1 angles)
  [1] source: https://www.geekvape.com/wp-content/uploads/2025/09/221024.webp
  cloudinary error for tyag/geekvape-boost-2, falling back to source: Invalid cloud_name dk5efhmmy
  [1] hosted: https://www.geekvape.com/wp-content/uploads/2025/09/221024.webp

→ geekvape-boost-3 (3 angles)
  [1] source: https://imagedelivery.net/OOg-oGRqRlSRq6kAyIkwWg/aegis_boost_3_pod_kit_sunset_red_1728422277/500x500
  cloudinary error for tyag/geekvape-boost-3, falling back to source: Invalid cloud_name dk5efhmmy
  [1] hosted: https://imagedelivery.net/OOg-oGRqRlSRq6kAyIkwWg/aegis_boost_3_pod_kit_sunset_red_1728422277/500x500
  [2] source: https://images.planetofthevapes.co.uk/140955/conversions/header-og.jpg
  cloudinary error for tyag/geekvape-boost-3_2, falling back to source: Invalid cloud_name dk5efhmmy
  [2] hosted: https://images.planetofthevapes.co.uk/140955/conversions/header-og.jpg
  [3] source: http://store.geekvape.com/cdn/shop/files/Black_Geekvape_Aegis_Boost_3_Pod_Kit_3000mAh.png?v=17471003...
  cloudinary error for tyag/geekvape-boost-3_3, falling back to source: Invalid cloud_name dk5efhmmy
  [3] hosted: http://store.geekvape.com/cdn/shop/files/Black_Geekvape_Aegis_Boost_3_Pod_Kit_3000mAh.png?v=1747100322

Wrote 36 mappings to /home/runner/work/q2/q2/lib/product-images.ts
EXIT_CODE=0
Run #12 at 2026-05-17T16:37:45Z
