  ✓ duall-salt[0] kept local: /products/duall-salt.jpg
  ✓ waka-8000[0] kept local: /products/waka-8000.jpg
  → waka-20000[0] downloading https://www.wakavaping.com/cdn/shop/products/WatermelonChillCopy_9c84768e-3d03-4
    saved /products/waka-20000.webp (98860 bytes)
  ✓ waka-25000[0] kept local: /products/waka-25000.jpg
  ✓ waka-60000[0] kept local: /products/waka-60000.png
  ✓ fizzy-great-10000[0] kept local: /products/fizzy-great-10000.jpg
  ✓ elfbar-monnight-25000[0] kept local: /products/elfbar-monnight-25000.png
  ✓ geekbar-40000[0] kept local: /products/geekbar-40000.png
  ✓ geekbar-50000[0] kept local: /products/geekbar-50000.webp
  ✓ vozol-shisha-25000[0] kept local: /products/vozol-shisha-25000.webp
  → bubble-mon-30000[0] downloading https://vapepu.com/wp-content/uploads/2026/01/Bubblemon-Graffiti-C-炫彩泡泡兽三代-30000
    saved /products/bubble-mon-30000.webp (82136 bytes)
  ✓ puffmi-pure-12000[0] kept local: /products/puffmi-pure-12000.png
  ✓ laiska-queen-10000[0] kept local: /products/laiska-queen-10000.png
  ✓ vaporesso-xros-mini[0] kept local: /products/vaporesso-xros-mini.png
  ✓ vaporesso-xros-3-mini[0] kept local: /products/vaporesso-xros-3-mini.png
  ✓ vaporesso-xros-4[0] kept local: /products/vaporesso-xros-4.jpg
  ✓ vaporesso-xros-4-mini[0] kept local: /products/vaporesso-xros-4-mini.png
  ✓ vaporesso-xros-5[0] kept local: /products/vaporesso-xros-5.jpg
  ✓ vaporesso-xros-5-mini[0] kept local: /products/vaporesso-xros-5-mini.webp
  ✓ geekvape-boost-le[0] kept local: /products/geekvape-boost-le.png
  ✓ geekvape-hero-3-classic[0] kept local: /products/geekvape-hero-3-classic.jpg
  ✓ geekvape-hero-2-new[0] kept local: /products/geekvape-hero-2-new.png
  ✓ geekvape-hero-5[0] kept local: /products/geekvape-hero-5.png
  ✓ geekvape-boost-2[0] kept local: /products/geekvape-boost-2.webp
  ✓ geekvape-boost-3[0] kept local: /products/geekvape-boost-3.png
  ✓ cat-cartridge[0] kept local: /products/cat-cartridge.png
  ✓ cat-accessory[0] kept local: /products/cat-accessory.webp

Wrote 27 mappings to /home/runner/work/q2/q2/lib/product-images.ts
